EN contadoreventos NULL E:/ISE/Trabajo/Frecuencimentro/ContadorEventos.vhd sub00/vhpl02 1420634628
EN clk_mod NULL E:/ISE/Trabajo/Frecuencimentro/RelojEscalado.vhd sub00/vhpl00 1420634315
AR contadoreventos behavioral E:/ISE/Trabajo/Frecuencimentro/ContadorEventos.vhd sub00/vhpl03 1420634629
AR clk_mod behavioral E:/ISE/Trabajo/Frecuencimentro/RelojEscalado.vhd sub00/vhpl01 1420634316
